2026-10-01 19:31:44.810: [INFO] CurrentProfilePath: C:\Users\dluca\Downloads\Aula1111\.metadata\.plugins\org.eclipse.swt\EBWebView\Default
2026-10-01 19:31:44.810: [INFO] Profiles total count: 1
2026-10-01 19:31:44.810: [INFO] Profile: name=Perfil 1 path=C:\Users\dluca\Downloads\Aula1111\.metadata\.plugins\org.eclipse.swt\EBWebView\Default lastActive=null
2026-10-01 19:31:44.810: [INFO] LastUsedProfileDir: C:\Users\dluca\Downloads\Aula1111\.metadata\.plugins\org.eclipse.swt\EBWebView\Default
2026-10-01 19:31:44.810: [INFO] OnDoneLoading sync enabled: 0
2026-10-01 19:31:44.810: [INFO] BookmarkModelLoaded, ids_reassigned: 0
2026-10-01 19:31:44.810: [INFO] BookmarksLoadDropped droppedNodes=0
2026-10-01 19:31:44.810: [INFO] BookmarksSnapshot Startup total=0 bar=0 other=0 mobile=0 showBar=0 showBarNTP=1
2026-10-01 19:32:20.198: [INFO] BookmarksSnapshot Shutdown total=0 bar=0 other=0 mobile=0 showBar=0 showBarNTP=1
2026-10-01 19:32:24.121: [INFO] CurrentProfilePath: C:\Users\dluca\Downloads\Aula1111\.metadata\.plugins\org.eclipse.swt\EBWebView\Default
2026-10-01 19:32:24.121: [INFO] Profiles total count: 1
2026-10-01 19:32:24.121: [INFO] Profile: name=Perfil 1 path=C:\Users\dluca\Downloads\Aula1111\.metadata\.plugins\org.eclipse.swt\EBWebView\Default lastActive=2026-10-01T19:31:54.875Z
2026-10-01 19:32:24.121: [INFO] LastUsedProfileDir: C:\Users\dluca\Downloads\Aula1111\.metadata\.plugins\org.eclipse.swt\EBWebView\Default
2026-10-01 19:32:24.121: [INFO] MostRecentlyActiveProfile: name=Perfil 1 path=C:\Users\dluca\Downloads\Aula1111\.metadata\.plugins\org.eclipse.swt\EBWebView\Default lastActive=2026-10-01T19:31:54.875Z
2026-10-01 19:32:24.121: [INFO] OnDoneLoading sync enabled: 0
2026-10-01 19:32:24.121: [INFO] BookmarkModelLoaded, ids_reassigned: 0
2026-10-01 19:32:24.121: [INFO] BookmarksLoadDropped droppedNodes=0
2026-10-01 19:32:24.121: [INFO] BookmarksSnapshot Startup total=0 bar=0 other=0 mobile=0 showBar=0 showBarNTP=1
2026-10-01 19:38:45.472: [INFO] BookmarksSnapshot Shutdown total=0 bar=0 other=0 mobile=0 showBar=0 showBarNTP=1
2026-10-01 19:40:30.135: [INFO] CurrentProfilePath: C:\Users\dluca\Downloads\Aula1111\.metadata\.plugins\org.eclipse.swt\EBWebView\Default
2026-10-01 19:40:30.135: [INFO] Profiles total count: 1
2026-10-01 19:40:30.135: [INFO] Profile: name=Perfil 1 path=C:\Users\dluca\Downloads\Aula1111\.metadata\.plugins\org.eclipse.swt\EBWebView\Default lastActive=2026-10-01T19:31:54.875Z
2026-10-01 19:40:30.135: [INFO] LastUsedProfileDir: C:\Users\dluca\Downloads\Aula1111\.metadata\.plugins\org.eclipse.swt\EBWebView\Default
2026-10-01 19:40:30.136: [INFO] MostRecentlyActiveProfile: name=Perfil 1 path=C:\Users\dluca\Downloads\Aula1111\.metadata\.plugins\org.eclipse.swt\EBWebView\Default lastActive=2026-10-01T19:31:54.875Z
2026-10-01 19:40:30.136: [INFO] OnDoneLoading sync enabled: 0
2026-10-01 19:40:30.136: [INFO] BookmarkModelLoaded, ids_reassigned: 0
2026-10-01 19:40:30.136: [INFO] BookmarksLoadDropped droppedNodes=0
2026-10-01 19:40:30.136: [INFO] BookmarksSnapshot Startup total=0 bar=0 other=0 mobile=0 showBar=0 showBarNTP=1
2026-10-01 19:43:36.731: [INFO] BookmarksSnapshot Shutdown total=0 bar=0 other=0 mobile=0 showBar=0 showBarNTP=1
2026-10-01 19:44:07.742: [INFO] CurrentProfilePath: C:\Users\dluca\Downloads\Aula1111\.metadata\.plugins\org.eclipse.swt\EBWebView\Default
2026-10-01 19:44:07.742: [INFO] Profiles total count: 1
2026-10-01 19:44:07.743: [INFO] Profile: name=Perfil 1 path=C:\Users\dluca\Downloads\Aula1111\.metadata\.plugins\org.eclipse.swt\EBWebView\Default lastActive=2026-10-01T19:42:42.869Z
2026-10-01 19:44:07.743: [INFO] LastUsedProfileDir: C:\Users\dluca\Downloads\Aula1111\.metadata\.plugins\org.eclipse.swt\EBWebView\Default
2026-10-01 19:44:07.743: [INFO] MostRecentlyActiveProfile: name=Perfil 1 path=C:\Users\dluca\Downloads\Aula1111\.metadata\.plugins\org.eclipse.swt\EBWebView\Default lastActive=2026-10-01T19:42:42.869Z
2026-10-01 19:44:07.743: [INFO] OnDoneLoading sync enabled: 0
2026-10-01 19:44:07.743: [INFO] BookmarkModelLoaded, ids_reassigned: 0
2026-10-01 19:44:07.743: [INFO] BookmarksLoadDropped droppedNodes=0
2026-10-01 19:44:07.743: [INFO] BookmarksSnapshot Startup total=0 bar=0 other=0 mobile=0 showBar=0 showBarNTP=1
2026-10-01 19:44:16.946: [INFO] BookmarksSnapshot Shutdown total=0 bar=0 other=0 mobile=0 showBar=0 showBarNTP=1
2026-10-01 19:44:20.517: [INFO] CurrentProfilePath: C:\Users\dluca\Downloads\Aula1111\.metadata\.plugins\org.eclipse.swt\EBWebView\Default
2026-10-01 19:44:20.517: [INFO] Profiles total count: 1
2026-10-01 19:44:20.517: [INFO] Profile: name=Perfil 1 path=C:\Users\dluca\Downloads\Aula1111\.metadata\.plugins\org.eclipse.swt\EBWebView\Default lastActive=2026-10-01T19:42:42.869Z
2026-10-01 19:44:20.517: [INFO] LastUsedProfileDir: C:\Users\dluca\Downloads\Aula1111\.metadata\.plugins\org.eclipse.swt\EBWebView\Default
2026-10-01 19:44:20.517: [INFO] MostRecentlyActiveProfile: name=Perfil 1 path=C:\Users\dluca\Downloads\Aula1111\.metadata\.plugins\org.eclipse.swt\EBWebView\Default lastActive=2026-10-01T19:42:42.869Z
2026-10-01 19:44:20.517: [INFO] OnDoneLoading sync enabled: 0
2026-10-01 19:44:20.517: [INFO] BookmarkModelLoaded, ids_reassigned: 0
2026-10-01 19:44:20.517: [INFO] BookmarksLoadDropped droppedNodes=0
2026-10-01 19:44:20.517: [INFO] BookmarksSnapshot Startup total=0 bar=0 other=0 mobile=0 showBar=0 showBarNTP=1
2026-10-01 20:24:10.765: [INFO] BookmarksSnapshot Shutdown total=0 bar=0 other=0 mobile=0 showBar=0 showBarNTP=1
